PS C:\Users\gwtwv\Documents\git_tutorial> git add .
PS C:\Users\gwtwv\Documents\git_tutorial> git commit -m "hello_world.txtを追加"
[main 36e7f0e] hello_world.txtを追加
 4 files changed, 2 deletions(-)
 delete mode 100644 get_challenge/hello_world.txt
 delete mode 100644 git_challenge/hello_world.txt
 create mode 100644 git_challenge1/hello_world.txt
 create mode 100644 kadai_005/kadai_005.txt
PS C:\Users\gwtwv\Documents\git_tutorial> git commit -m "日本語訳を追加"       
On branch main
Your branch is ahead of 'origin/main' by 2 commits.
  (use "git push" to publish your local commits)

Changes not staged for commit:
  (use "git add <file>..." to update what will be committed)
  (use "git restore <file>..." to discard changes in working directory)
        modified:   git_challenge1/hello_world.txt

no changes added to commit (use "git add" and/or "git commit -a")
PS C:\Users\gwtwv\Documents\git_tutorial> git log
commit 36e7f0e0f4f036d50737c247e7455fabda27d085 (HEAD -> main)
Author: Hiro-2525 <gwtwvallgh@yahoo.co.jp>
Date:   Sat Jan 11 08:23:11 2025 +0900

    hello_world.txtを追加

commit a02986b1aa366d2b7a3146a361ccbb341df0453f
Author: Hiro-2525 <gwtwvallgh@yahoo.co.jp>
Date:   Sat Jan 11 08:18:05 2025 +0900

    日本語訳追加